<DocumentFragment>
  <div
    class="ant-app"
  >
    <div>
      test
    </div>
    <div
      style="height: 600px; width: 100%;"
    >
      <div
        class="ant-workspace"
        data-testid="workspace"
      >
        <div
          class="ant-workspace-header"
          data-testid="workspace-header"
        >
          <div
            class="ant-workspace-title"
            data-testid="workspace-title"
          >
            实时监控工作空间
          </div>
        </div>
        <div
          class="ant-workspace-tabs"
          data-testid="workspace-tabs"
        >
          <div
            aria-label="segmented control"
            aria-orientation="horizontal"
            class="ant-segmented ant-workspace-segmented ant-segmented-block"
            data-testid="workspace-segmented"
            role="radiogroup"
            tabindex="0"
          >
            <div
              class="ant-segmented-group"
            >
              <label
                class="ant-segmented-item ant-segmented-item-selected"
              >
                <input
                  checked=""
                  class="ant-segmented-item-input"
                  name="test-id"
                  type="radio"
                />
                <div
                  class="ant-segmented-item-label"
                >
                  <span
                    class="ant-segmented-item-icon"
                  >
                    <svg
                      class="sofa-icons-icon"
                      fill="currentColor"
                      fill-rule="evenodd"
                      height="1em"
                      style="vertical-align: -0.125em;"
                      viewBox="0 0 24 24"
                      width="1em"
                      xmlns="http://www.w3.org/2000/svg"
                    >
                      <defs>
                        <clippath
                          id="MousePointerClick-master_svg0_2432_16108"
                        >
                          <rect
                            height="24"
                            rx="0"
                            width="24"
                          />
                        </clippath>
                      </defs>
                      <g
                        clip-path="url(#MousePointerClick-master_svg0_2432_16108)"
                      >
                        <path
                          d="M15 4.1a1 1 0 0 1-.311.725l-2 1.9a1 1 0 0 1-1.378-1.45l2-1.9A1 1 0 0 1 15 4.1M5.366 7.036l-2.9-.8a1 1 0 1 0-.532 1.928l2.9.8a1.001 1.001 0 1 0 .532-1.928m1.36 5.653a1 1 0 0 0-1.45-1.378l-1.9 2a1 1 0 1 0 1.45 1.378zm2.238-7.856-.8-2.899a1 1 0 1 0-1.928.532l.8 2.9a1 1 0 1 0 1.928-.533M12.61 21.07v-.003L8.11 10.07q-.39-.918.325-1.633.715-.714 1.645-.32l10.988 4.495q1.012.416.927 1.505-.085 1.09-1.148 1.343l-4.348 1.04-1.04 4.35q-.25 1.063-1.343 1.148t-1.506-.928M9.963 9.31l.006.017zm-.664.647.018.007zm5.256 6.074-.68 2.843-3.462-8.462 8.461 3.462-2.84.68q-1.193.284-1.48 1.477"
                          style="mix-blend-mode: passthrough;"
                        />
                      </g>
                    </svg>
                  </span>
                  <span>
                    <div
                      class="ant-workspace-tab-item"
                    >
                      <span
                        class="ant-workspace-tab-title"
                      >
                        实时跟随
                      </span>
                    </div>
                  </span>
                </div>
              </label>
              <label
                class="ant-segmented-item ant-segmented-item-disabled"
              >
                <input
                  class="ant-segmented-item-input"
                  disabled=""
                  name="test-id"
                  type="radio"
                />
                <div
                  class="ant-segmented-item-label"
                  title=""
                />
              </label>
              <label
                class="ant-segmented-item"
              >
                <input
                  class="ant-segmented-item-input"
                  name="test-id"
                  type="radio"
                />
                <div
                  class="ant-segmented-item-label"
                >
                  <span
                    class="ant-segmented-item-icon"
                  >
                    <svg
                      class="sofa-icons-icon"
                      fill="currentColor"
                      fill-rule="evenodd"
                      height="1em"
                      style="vertical-align: -0.125em;"
                      viewBox="0 0 24 24"
                      width="1em"
                      xmlns="http://www.w3.org/2000/svg"
                    >
                      <defs>
                        <clippath
                          id="MousePointerClick-master_svg0_2432_16108"
                        >
                          <rect
                            height="24"
                            rx="0"
                            width="24"
                          />
                        </clippath>
                      </defs>
                      <g
                        clip-path="url(#MousePointerClick-master_svg0_2432_16108)"
                      >
                        <path
                          d="M15 4.1a1 1 0 0 1-.311.725l-2 1.9a1 1 0 0 1-1.378-1.45l2-1.9A1 1 0 0 1 15 4.1M5.366 7.036l-2.9-.8a1 1 0 1 0-.532 1.928l2.9.8a1.001 1.001 0 1 0 .532-1.928m1.36 5.653a1 1 0 0 0-1.45-1.378l-1.9 2a1 1 0 1 0 1.45 1.378zm2.238-7.856-.8-2.899a1 1 0 1 0-1.928.532l.8 2.9a1 1 0 1 0 1.928-.533M12.61 21.07v-.003L8.11 10.07q-.39-.918.325-1.633.715-.714 1.645-.32l10.988 4.495q1.012.416.927 1.505-.085 1.09-1.148 1.343l-4.348 1.04-1.04 4.35q-.25 1.063-1.343 1.148t-1.506-.928M9.963 9.31l.006.017zm-.664.647.018.007zm5.256 6.074-.68 2.843-3.462-8.462 8.461 3.462-2.84.68q-1.193.284-1.48 1.477"
                          style="mix-blend-mode: passthrough;"
                        />
                      </g>
                    </svg>
                  </span>
                  <span>
                    <div
                      class="ant-workspace-tab-item"
                    >
                      <span
                        class="ant-workspace-tab-title"
                      >
                        Markdown 编辑
                      </span>
                    </div>
                  </span>
                </div>
              </label>
              <label
                class="ant-segmented-item"
              >
                <input
                  class="ant-segmented-item-input"
                  name="test-id"
                  type="radio"
                />
                <div
                  class="ant-segmented-item-label"
                >
                  <span
                    class="ant-segmented-item-icon"
                  >
                    <svg
                      class="sofa-icons-icon"
                      fill="currentColor"
                      fill-rule="evenodd"
                      height="1em"
                      style="vertical-align: -0.125em;"
                      viewBox="0 0 24 24"
                      width="1em"
                      xmlns="http://www.w3.org/2000/svg"
                    >
                      <defs>
                        <clippath
                          id="MousePointerClick-master_svg0_2432_16108"
                        >
                          <rect
                            height="24"
                            rx="0"
                            width="24"
                          />
                        </clippath>
                      </defs>
                      <g
                        clip-path="url(#MousePointerClick-master_svg0_2432_16108)"
                      >
                        <path
                          d="M15 4.1a1 1 0 0 1-.311.725l-2 1.9a1 1 0 0 1-1.378-1.45l2-1.9A1 1 0 0 1 15 4.1M5.366 7.036l-2.9-.8a1 1 0 1 0-.532 1.928l2.9.8a1.001 1.001 0 1 0 .532-1.928m1.36 5.653a1 1 0 0 0-1.45-1.378l-1.9 2a1 1 0 1 0 1.45 1.378zm2.238-7.856-.8-2.899a1 1 0 1 0-1.928.532l.8 2.9a1 1 0 1 0 1.928-.533M12.61 21.07v-.003L8.11 10.07q-.39-.918.325-1.633.715-.714 1.645-.32l10.988 4.495q1.012.416.927 1.505-.085 1.09-1.148 1.343l-4.348 1.04-1.04 4.35q-.25 1.063-1.343 1.148t-1.506-.928M9.963 9.31l.006.017zm-.664.647.018.007zm5.256 6.074-.68 2.843-3.462-8.462 8.461 3.462-2.84.68q-1.193.284-1.48 1.477"
                          style="mix-blend-mode: passthrough;"
                        />
                      </g>
                    </svg>
                  </span>
                  <span>
                    <div
                      class="ant-workspace-tab-item"
                    >
                      <span
                        class="ant-workspace-tab-title"
                      >
                        HTML 预览
                      </span>
                    </div>
                  </span>
                </div>
              </label>
            </div>
          </div>
        </div>
        <div
          class="ant-workspace-content"
          data-testid="workspace-content"
        >
          <div
            class="ant-workspace-realtime-container ant-workspace-realtime--shell"
            data-testid="realtime-follow"
          >
            <header
              class="ant-workspace-realtime-header"
            >
              <div
                class="ant-workspace-realtime-header-left"
              >
                <div
                  class="ant-workspace-realtime-header-content"
                >
                  <div
                    class="ant-workspace-realtime-header-icon ant-workspace-realtime-header-icon--default"
                  >
                    <svg
                      class="sofa-icons-icon"
                      fill="currentColor"
                      fill-rule="evenodd"
                      height="1em"
                      style="vertical-align: -0.125em;"
                      viewBox="0 0 24 24"
                      width="1em"
                      xmlns="http://www.w3.org/2000/svg"
                    >
                      <defs>
                        <clippath
                          id="SquareTerminal-master_svg0_2173_81992"
                        >
                          <rect
                            height="24"
                            rx="0"
                            width="24"
                          />
                        </clippath>
                      </defs>
                      <g
                        clip-path="url(#SquareTerminal-master_svg0_2173_81992)"
                      >
                        <path
                          d="M2 19V5q0-1.243.879-2.121Q3.757 2 5 2h14q1.243 0 2.121.879Q22 3.757 22 5v14q0 1.243-.879 2.121Q20.243 22 19 22H5q-1.243 0-2.121-.879Q2 20.243 2 19m2 0q0 1 1 1h14q1 0 1-1V5q0-1-1-1H5Q4 4 4 5zM9.707 8.293l-2-2a1 1 0 1 0-1.414 1.414L7.586 9l-1.293 1.293a1 1 0 0 0 1.414 1.414l2-2a1 1 0 0 0 0-1.414M11 12h4a1 1 0 1 1 0 2h-4a1 1 0 1 1 0-2"
                          style="mix-blend-mode: passthrough;"
                        />
                      </g>
                    </svg>
                  </div>
                  <div
                    class="ant-workspace-realtime-header-title-wrapper"
                  >
                    <div
                      class="ant-workspace-realtime-header-title"
                    >
                      命令执行
                    </div>
                  </div>
                </div>
              </div>
              <div
                class="ant-workspace-realtime-header-right"
              />
            </header>
            <div
              class="ant-workspace-realtime-content"
            >
              <div
                class="ant-agentic-md-editor markdown-editor ant-agentic-md-editor-readonly"
                style="width: 100%; height: auto; max-height: auto;"
              >
                <div
                  class="ant-agentic-md-editor-container"
                  style="height: 100%; --content-padding: 0px; padding: 0px; overflow: visible;"
                  tabindex="-1"
                >
                  <div
                    autocapitalize="false"
                    autocorrect="false"
                    class="ant-agentic-md-editor-content ant-agentic-md-editor-content-readonly"
                    contenteditable="false"
                    data-slate-editor="true"
                    data-slate-node="value"
                    spellcheck="false"
                    style="position: relative; white-space: pre-wrap; word-wrap: break-word;"
                    translate="no"
                    zindex="-1"
                  />
                </div>
              </div>
            </div>
          </div>
        </div>
      </div>
    </div>
  </div>
</DocumentFragment>