<DocumentFragment>
  <div
    class="ant-app"
  >
    <div>
      test
    </div>
    <div
      style="border-radius: var(--radius-modal-base); background: var(color-gray-bg-page-light); box-shadow: var(--shadow-control-base); width: min(830px,100%); display: flex; flex-direction: column; justify-content: space-between; padding: 0px; z-index: 0; margin: 24px auto;"
    >
      <div
        style="padding: 16px; display: flex; flex-direction: row; align-items: center; box-sizing: border-box; border-width: 0px 0px 1px 0px; border-style: solid; border-color: rgba(0, 16, 32, 0.063);"
      >
        <span
          style="font-size: 13px; color: rgba(0, 0, 0, 0.45);"
        >
          📋 BubbleList 基础用法
        </span>
        <div
          style="font-size: 12px; color: rgba(0, 0, 0, 0.45);"
        >
          当前消息数: 2
        </div>
      </div>
      <div>
        <div
          style="padding: 24px 24px 16px 24px;"
        >
          <button
            class="ant-btn ant-btn-primary ant-btn-color-primary ant-btn-variant-solid"
            type="button"
          >
            <span
              class="ant-btn-icon"
            >
              <span
                aria-label="plus"
                class="anticon anticon-plus"
                role="img"
              >
                <svg
                  aria-hidden="true"
                  data-icon="plus"
                  fill="currentColor"
                  focusable="false"
                  height="1em"
                  viewBox="64 64 896 896"
                  width="1em"
                >
                  <path
                    d="M482 152h60q8 0 8 8v704q0 8-8 8h-60q-8 0-8-8V160q0-8 8-8z"
                  />
                  <path
                    d="M192 474h672q8 0 8 8v60q0 8-8 8H160q-8 0-8-8v-60q0-8 8-8z"
                  />
                </svg>
              </span>
            </span>
            <span>
              添加消息
            </span>
          </button>
        </div>
        <div
          class="ant-agentic-bubble-list"
          data-chat-list="2"
          style="height: 400px; overflow: auto; border-radius: 20px;"
        >
          <div
            class="ant-agentic-bubble ant-agentic-bubble-left ant-agentic-bubble-ai ant-flex ant-flex-align-stretch ant-flex-vertical"
            data-id="1"
            id="1"
            style="gap: 12px;"
          >
            <div
              class="ant-agentic-bubble-container ant-agentic-bubble-container-left ant-agentic-bubble-container-pure"
            >
              <div
                class="ant-agentic-bubble-avatar-title ant-agentic-bubble-avatar-title-left ant-agentic-bubble-avatar-title-ai ant-agentic-bubble-avatar-title-pure"
              >
                <span
                  class="ant-avatar ant-avatar-circle ant-avatar-image ant-agentic-bubble-avatar"
                  data-testid="bubble-avatar"
                  style="width: 24px; height: 24px; font-size: 18px; cursor: default;"
                >
                  <img
                    alt="avatar"
                    src="https://mdn.alipayobjects.com/huamei_re70wt/afts/img/A*ed7ZTbwtgIQAAAAAQOAAAAgAemuEAQ/original"
                  />
                </span>
                <div
                  class="ant-agentic-bubble-title ant-flex"
                  data-testid="bubble-title"
                  style="flex-direction: row; display: flex; align-items: center; gap: 8px;"
                >
                  <span>
                    AI助手
                  </span>
                  <time
                    class="ant-agentic-bubble-title-time"
                    data-testid="bubble-time"
                  >
                    2024-02-27 17:20:00
                  </time>
                </div>
              </div>
              <div
                class="ant-agentic-bubble-container ant-agentic-bubble-container-left ant-agentic-bubble-container-ai ant-agentic-bubble-container-pure"
                data-testid="chat-message"
                style="display: flex; gap: 4px; flex-direction: column; align-items: flex-start;"
              >
                <div
                  class="ant-agentic-bubble-content ant-agentic-bubble-content-left ant-agentic-bubble-content-ai ant-agentic-bubble-content-pure"
                  data-testid="message-content"
                  style="min-width: 0px;"
                >
                  <div
                    style="display: flex; flex-direction: column; min-width: 0; max-width: 100%;"
                  >
                    <div
                      class="ant-agentic-md-editor markdown-editor ant-agentic-md-editor-readonly"
                      style="width: 100%; height: auto; padding: 0px; margin: 0px;"
                    >
                      <div
                        class="ant-agentic-md-editor-container"
                        style="height: 100%;"
                        tabindex="-1"
                      >
                        <div
                          autocapitalize="false"
                          autocorrect="false"
                          class="ant-agentic-md-editor-content ant-agentic-md-editor-content-readonly"
                          contenteditable="false"
                          data-slate-editor="true"
                          data-slate-node="value"
                          spellcheck="false"
                          style="position: relative; white-space: pre-wrap; word-wrap: break-word; font-size: 14px;"
                          translate="no"
                          zindex="-1"
                        >
                          <div
                            class=""
                            data-be="paragraph"
                            data-slate-node="element"
                          >
                            <span
                              data-slate-node="text"
                            >
                              <span
                                class="ant-agentic-md-editor-content"
                                data-be="text"
                                data-slate-leaf="true"
                                draggable="false"
                              >
                                <span
                                  data-slate-string="true"
                                >
                                  欢迎使用 BubbleList 组件！
                                </span>
                              </span>
                            </span>
                          </div>
                        </div>
                      </div>
                    </div>
                    <div
                      class="ant-chat-item-extra"
                      style="display: flex; align-items: center; justify-content: space-between; width: 100%; padding-left: var(--padding-5x); padding-right: var(--padding-5x); padding-top: var(--padding-1x); padding-bottom: var(--padding-2x); color: var(--color-gray-text-secondary); font-size: 13px; gap: 4px;"
                    >
                      <div
                        animate="visible"
                        class="ant-chat-item-extra-action-box"
                        initial="hidden"
                        style="display: flex; gap: 8px; align-items: center;"
                        variants="[object Object]"
                        whileinview="visible"
                      >
                        <span
                          aria-describedby="test-id"
                          aria-label="复制"
                          class="ant-agentic-md-editor-action-icon-box ant-agentic-md-editor-action-icon-box-light"
                          data-testid="chat-item-copy-button"
                          data-title="复制"
                          role="button"
                          tabindex="0"
                        >
                          <div
                            aria-hidden="true"
                            class="ant-bubble-actions-lottie"
                            data-autoplay="false"
                            data-loop="false"
                            data-testid="lottie-animation"
                            lottieref="[object Object]"
                            style="width: 1em; height: 1em; display: flex; justify-content: center; align-items: center;"
                          />
                        </span>
                      </div>
                    </div>
                  </div>
                </div>
              </div>
            </div>
          </div>
          <div
            class="ant-agentic-bubble ant-agentic-bubble-right ant-agentic-bubble-user ant-flex ant-flex-align-stretch ant-flex-vertical"
            data-id="2"
            id="2"
            style="gap: 12px;"
          >
            <div
              class="ant-agentic-bubble-container"
            >
              <div
                class="ant-agentic-bubble-container ant-agentic-bubble-container-right ant-agentic-bubble-container-user"
                data-testid="chat-message"
                style="display: flex; gap: 4px; flex-direction: column; align-items: flex-end;"
              >
                <div
                  class="ant-agentic-bubble-avatar-title ant-agentic-bubble-avatar-title-right ant-agentic-bubble-avatar-title-ai"
                >
                  <div
                    class="ant-agentic-bubble-title ant-flex"
                    data-testid="bubble-title"
                    style="flex-direction: row-reverse; display: flex; align-items: center; gap: 8px;"
                  >
                    <time
                      class="ant-agentic-bubble-title-time"
                      data-testid="bubble-time"
                    >
                      2024-02-27 17:20:00
                    </time>
                  </div>
                </div>
                <div
                  class="ant-agentic-bubble-content ant-agentic-bubble-content-right ant-agentic-bubble-content-user"
                  data-testid="message-content"
                  style="min-width: 0px;"
                >
                  <div
                    class="agent-item-default-content ant-agentic-ui-messages-content-message"
                    data-testid="message-box-content"
                  >
                    <div
                      aria-describedby="test-id"
                      style="display: flex; flex-direction: column; min-width: 0; max-width: 100%;"
                    >
                      <div
                        class="ant-agentic-md-editor markdown-editor ant-agentic-md-editor-readonly"
                        style="width: 100%; height: auto; padding: 0px; margin: 0px;"
                      >
                        <div
                          class="ant-agentic-md-editor-container"
                          style="height: 100%; color: rgb(52, 58, 69);"
                          tabindex="-1"
                        >
                          <div
                            autocapitalize="false"
                            autocorrect="false"
                            class="ant-agentic-md-editor-content ant-agentic-md-editor-content-readonly"
                            contenteditable="false"
                            data-slate-editor="true"
                            data-slate-node="value"
                            spellcheck="false"
                            style="position: relative; white-space: pre-wrap; word-wrap: break-word; font-size: 14px;"
                            translate="no"
                            zindex="-1"
                          >
                            <div
                              class=""
                              data-be="paragraph"
                              data-slate-node="element"
                            >
                              <span
                                data-slate-node="text"
                              >
                                <span
                                  class="ant-agentic-md-editor-content"
                                  data-be="text"
                                  data-slate-leaf="true"
                                  draggable="false"
                                >
                                  <span
                                    data-slate-string="true"
                                  >
                                    这个组件功能很强大！
                                  </span>
                                </span>
                              </span>
                            </div>
                          </div>
                        </div>
                      </div>
                    </div>
                  </div>
                </div>
              </div>
            </div>
          </div>
        </div>
        <div
          style="padding: 16px; background: rgb(230, 247, 255); border-radius: 8px; font-size: 14px;"
        >
          <strong>
            📖 基础用法：
          </strong>
          <ul
            style="margin: 8px 0px 0px 0px; padding-left: 20px;"
          >
            <li>
              <strong>
                bubbleList:
              </strong>
               消息列表数据
            </li>
            <li>
              <strong>
                assistantMeta:
              </strong>
               助手元数据配置
            </li>
            <li>
              <strong>
                userMeta:
              </strong>
               用户元数据配置
            </li>
          </ul>
        </div>
      </div>
    </div>
  </div>
</DocumentFragment>