<DocumentFragment>
  <div
    class="ant-app"
  >
    <div>
      test
    </div>
    <div
      style="display: flex; flex-direction: column; gap: 16px;"
    >
      <div
        class="ant-agentic-bubble ant-agentic-bubble-left ant-agentic-bubble-ai ant-flex ant-flex-align-stretch ant-flex-vertical"
        style="gap: 12px;"
      >
        <div
          class="ant-agentic-bubble-container ant-agentic-bubble-container-left ant-agentic-bubble-container-pure"
        >
          <div
            class="ant-agentic-bubble-avatar-title ant-agentic-bubble-avatar-title-left ant-agentic-bubble-avatar-title-ai ant-agentic-bubble-avatar-title-pure"
          >
            <span
              class="ant-avatar ant-avatar-circle ant-avatar-image ant-agentic-bubble-avatar"
              data-testid="bubble-avatar"
              style="width: 24px; height: 24px; font-size: 18px; cursor: default;"
            >
              <img
                alt="avatar"
                src="https://mdn.alipayobjects.com/huamei_re70wt/afts/img/A*ed7ZTbwtgIQAAAAAQOAAAAgAemuEAQ/original"
              />
            </span>
            <div
              class="ant-agentic-bubble-title ant-flex"
              data-testid="bubble-title"
              style="flex-direction: row; display: flex; align-items: center; gap: 8px;"
            >
              <span>
                AI Assistant
              </span>
              <time
                class="ant-agentic-bubble-title-time"
                data-testid="bubble-time"
              >
                2024-02-27 17:20:00
              </time>
            </div>
          </div>
          <div
            class="ant-agentic-bubble-container ant-agentic-bubble-container-left ant-agentic-bubble-container-ai ant-agentic-bubble-container-pure"
            data-testid="chat-message"
            style="display: flex; gap: 4px; flex-direction: column; align-items: flex-start;"
          >
            <div
              class="ant-agentic-bubble-content ant-agentic-bubble-content-left ant-agentic-bubble-content-ai ant-agentic-bubble-content-pure"
              data-testid="message-content"
              style="min-width: 0px;"
            >
              <div
                style="display: flex; flex-direction: column; min-width: 0; max-width: 100%;"
              >
                <div
                  class="ant-agentic-md-editor markdown-editor ant-agentic-md-editor-readonly"
                  style="width: 100%; height: auto; padding: 0px; margin: 0px;"
                >
                  <div
                    class="ant-agentic-md-editor-container"
                    style="height: 100%;"
                    tabindex="-1"
                  >
                    <div
                      autocapitalize="false"
                      autocorrect="false"
                      class="ant-agentic-md-editor-content ant-agentic-md-editor-content-readonly"
                      contenteditable="false"
                      data-slate-editor="true"
                      data-slate-node="value"
                      spellcheck="false"
                      style="position: relative; white-space: pre-wrap; word-wrap: break-word; font-size: 14px;"
                      translate="no"
                      zindex="-1"
                    >
                      <h1
                        class=""
                        data-be="head"
                        data-drag-el="true"
                        data-head="脚注（footnote）示例"
                        data-slate-node="element"
                        data-title="true"
                        id="脚注（footnote）示例"
                      >
                        <span
                          data-slate-node="text"
                        >
                          <span
                            data-be="text"
                            data-slate-leaf="true"
                            draggable="false"
                          >
                            <span
                              data-slate-string="true"
                            >
                              脚注（Footnote）示例
                            </span>
                          </span>
                        </span>
                      </h1>
                      <div
                        class=""
                        data-be="paragraph"
                        data-drag-el="true"
                        data-slate-node="element"
                      >
                        <span
                          data-slate-node="text"
                        >
                          <span
                            data-be="text"
                            data-slate-leaf="true"
                            draggable="false"
                          >
                            <span
                              data-slate-string="true"
                            >
                              下面展示如何在对话中引用脚注：当你需要补充来源、解释术语或延迟给出细节时，可在正文中添加引用标记，如这里的“脚注定义”
                            </span>
                          </span>
                        </span>
                        <span
                          data-slate-node="text"
                        >
                          <span
                            data-be="text"
                            data-fnc="fnc"
                            data-slate-leaf="true"
                            draggable="false"
                          >
                            1
                          </span>
                        </span>
                        <span
                          data-slate-node="text"
                        >
                          <span
                            data-be="text"
                            data-slate-leaf="true"
                            draggable="false"
                          >
                            <span
                              data-slate-string="true"
                            >
                              、框架官网
                            </span>
                          </span>
                        </span>
                        <span
                          data-slate-node="text"
                        >
                          <span
                            data-be="text"
                            data-fnc="fnc"
                            data-slate-leaf="true"
                            draggable="false"
                          >
                            2
                          </span>
                        </span>
                        <span
                          data-slate-node="text"
                        >
                          <span
                            data-be="text"
                            data-slate-leaf="true"
                            draggable="false"
                          >
                            <span
                              data-slate-string="true"
                            >
                               与 MDN 文档
                            </span>
                          </span>
                        </span>
                        <span
                          data-slate-node="text"
                        >
                          <span
                            data-be="text"
                            data-fnc="fnc"
                            data-slate-leaf="true"
                            draggable="false"
                          >
                            3
                          </span>
                        </span>
                        <span
                          data-slate-node="text"
                        >
                          <span
                            data-be="text"
                            data-slate-leaf="true"
                            draggable="false"
                          >
                            <span
                              data-slate-string="true"
                            >
                              。脚注能保持叙述流畅，同时不打断阅读节奏。常见用法包括：给统计数据附上来源，给缩写提供扩展释义，或在回答末尾统一列出外部链接与说明。
                            </span>
                          </span>
                        </span>
                      </div>
                      <div
                        class=""
                        data-be="paragraph"
                        data-drag-el="true"
                        data-slate-node="element"
                      >
                        <span
                          data-slate-node="text"
                        >
                          <span
                            data-be="text"
                            data-slate-leaf="true"
                            draggable="false"
                          >
                            <span
                              data-slate-string="true"
                            >
                              要点：
                            </span>
                          </span>
                        </span>
                      </div>
                      <div
                        class="ant-agentic-md-editor-list-container relative"
                        data-be="list"
                        data-slate-node="element"
                      >
                        <ul
                          class="ant-agentic-md-editor-list ul"
                        >
                          <li
                            class="ant-agentic-md-editor-list-item"
                            data-be="list-item"
                            data-slate-node="element"
                          >
                            <div
                              class=""
                              data-be="paragraph"
                              data-drag-el="true"
                              data-slate-node="element"
                            >
                              <span
                                data-slate-node="text"
                              >
                                <span
                                  data-be="text"
                                  data-slate-leaf="true"
                                  draggable="false"
                                >
                                  <span
                                    data-slate-string="true"
                                  >
                                    在正文中使用 
                                  </span>
                                </span>
                              </span>
                              <span
                                data-slate-node="text"
                              >
                                <span
                                  data-be="text"
                                  data-slate-leaf="true"
                                  draggable="false"
                                >
                                  <code
                                    class="ant-agentic-md-editor-content-inline-code"
                                  >
                                    <span
                                      data-slate-string="true"
                                    >
                                      [^标识]
                                    </span>
                                  </code>
                                </span>
                              </span>
                              <span
                                data-slate-node="text"
                              >
                                <span
                                  data-be="text"
                                  data-slate-leaf="true"
                                  draggable="false"
                                >
                                  <span
                                    data-slate-string="true"
                                  >
                                     引用；
                                  </span>
                                </span>
                              </span>
                            </div>
                          </li>
                          <li
                            class="ant-agentic-md-editor-list-item"
                            data-be="list-item"
                            data-slate-node="element"
                          >
                            <div
                              class=""
                              data-be="paragraph"
                              data-drag-el="true"
                              data-slate-node="element"
                            >
                              <span
                                data-slate-node="text"
                              >
                                <span
                                  data-be="text"
                                  data-slate-leaf="true"
                                  draggable="false"
                                >
                                  <span
                                    data-slate-string="true"
                                  >
                                    在文末用 
                                  </span>
                                </span>
                              </span>
                              <span
                                data-slate-node="text"
                              >
                                <span
                                  data-be="text"
                                  data-slate-leaf="true"
                                  draggable="false"
                                >
                                  <code
                                    class="ant-agentic-md-editor-content-inline-code"
                                  >
                                    <span
                                      data-slate-string="true"
                                    >
                                      [^标识]: 进行说明
                                    </span>
                                  </code>
                                </span>
                              </span>
                              <span
                                data-slate-node="text"
                              >
                                <span
                                  data-be="text"
                                  data-slate-leaf="true"
                                  draggable="false"
                                >
                                  <span
                                    data-slate-string="true"
                                  >
                                    ，可以是文本或链接；
                                  </span>
                                </span>
                              </span>
                            </div>
                          </li>
                          <li
                            class="ant-agentic-md-editor-list-item"
                            data-be="list-item"
                            data-slate-node="element"
                          >
                            <div
                              class=""
                              data-be="paragraph"
                              data-drag-el="true"
                              data-slate-node="element"
                            >
                              <span
                                data-slate-node="text"
                              >
                                <span
                                  data-be="text"
                                  data-slate-leaf="true"
                                  draggable="false"
                                >
                                  <span
                                    data-slate-string="true"
                                  >
                                    多个脚注可重复引用，顺序自动编号。
                                  </span>
                                </span>
                              </span>
                            </div>
                          </li>
                          <li
                            class="ant-agentic-md-editor-list-item"
                            data-be="list-item"
                            data-slate-node="element"
                          >
                            <div
                              class=""
                              data-be="paragraph"
                              data-drag-el="true"
                              data-slate-node="element"
                            >
                              <span
                                data-slate-node="text"
                              >
                                <span
                                  data-be="text"
                                  data-slate-leaf="true"
                                  draggable="false"
                                >
                                  <span
                                    data-slate-string="true"
                                  >
                                    可新增/删除/编辑/引用脚注。
                                  </span>
                                </span>
                              </span>
                            </div>
                          </li>
                        </ul>
                      </div>
                      <div
                        class=""
                        data-be="paragraph"
                        data-drag-el="true"
                        data-slate-node="element"
                      >
                        <span
                          data-slate-node="text"
                        >
                          <span
                            data-be="text"
                            data-slate-leaf="true"
                            draggable="false"
                          >
                            <span
                              data-slate-string="true"
                            >
                              *
                            </span>
                          </span>
                        </span>
                        <span
                          data-slate-node="text"
                        >
                          <span
                            data-be="text"
                            data-slate-leaf="true"
                            draggable="false"
                            style="font-weight: bold;"
                          >
                            <span
                              data-testid="markdown-bold"
                            >
                              <span
                                data-slate-string="true"
                              >
                                 Reference Notes 
                              </span>
                            </span>
                          </span>
                        </span>
                        <span
                          data-slate-node="text"
                        >
                          <span
                            data-be="text"
                            data-slate-leaf="true"
                            draggable="false"
                          >
                            <span
                              data-slate-string="true"
                            >
                              *
                            </span>
                          </span>
                        </span>
                      </div>
                      <div
                        data-be="footnoteDefinition"
                        data-drag-el="true"
                        data-slate-node="element"
                        style="font-size: 12px; margin: 5px 0px; display: flex; gap: 4px;"
                      >
                        1.
                        <span
                          style="display: flex; align-items: center; gap: 2px;"
                        >
                          <span
                            data-slate-node="text"
                          >
                            <span
                              data-be="text"
                              data-slate-leaf="true"
                              draggable="false"
                            >
                              <span
                                data-slate-string="true"
                              >
                                脚注用于承载补充信息与出处说明，避免正文冗长。
                              </span>
                            </span>
                          </span>
                          <span
                            aria-label="export"
                            class="anticon anticon-export"
                            role="img"
                          >
                            <svg
                              aria-hidden="true"
                              data-icon="export"
                              fill="currentColor"
                              fill-rule="evenodd"
                              focusable="false"
                              height="1em"
                              viewBox="64 64 896 896"
                              width="1em"
                            >
                              <path
                                d="M880 912H144c-17.7 0-32-14.3-32-32V144c0-17.7 14.3-32 32-32h360c4.4 0 8 3.6 8 8v56c0 4.4-3.6 8-8 8H184v656h656V520c0-4.4 3.6-8 8-8h56c4.4 0 8 3.6 8 8v360c0 17.7-14.3 32-32 32zM770.87 199.13l-52.2-52.2a8.01 8.01 0 014.7-13.6l179.4-21c5.1-.6 9.5 3.7 8.9 8.9l-21 179.4c-.8 6.6-8.9 9.4-13.6 4.7l-52.4-52.4-256.2 256.2a8.03 8.03 0 01-11.3 0l-42.4-42.4a8.03 8.03 0 010-11.3l256.1-256.3z"
                              />
                            </svg>
                          </span>
                        </span>
                      </div>
                      <div
                        data-be="footnoteDefinition"
                        data-drag-el="true"
                        data-slate-node="element"
                        style="font-size: 12px; margin: 5px 0px; display: flex; gap: 4px;"
                      >
                        2.
                        <span
                          style="display: flex; align-items: center; gap: 2px;"
                        >
                          <span
                            data-slate-node="text"
                          >
                            <span
                              data-be="text"
                              data-slate-leaf="true"
                              data-url="url"
                              draggable="false"
                            >
                              <span
                                data-slate-string="true"
                              >
                                Ant Design 官网
                              </span>
                            </span>
                          </span>
                          <span
                            aria-label="export"
                            class="anticon anticon-export"
                            role="img"
                          >
                            <svg
                              aria-hidden="true"
                              data-icon="export"
                              fill="currentColor"
                              fill-rule="evenodd"
                              focusable="false"
                              height="1em"
                              viewBox="64 64 896 896"
                              width="1em"
                            >
                              <path
                                d="M880 912H144c-17.7 0-32-14.3-32-32V144c0-17.7 14.3-32 32-32h360c4.4 0 8 3.6 8 8v56c0 4.4-3.6 8-8 8H184v656h656V520c0-4.4 3.6-8 8-8h56c4.4 0 8 3.6 8 8v360c0 17.7-14.3 32-32 32zM770.87 199.13l-52.2-52.2a8.01 8.01 0 014.7-13.6l179.4-21c5.1-.6 9.5 3.7 8.9 8.9l-21 179.4c-.8 6.6-8.9 9.4-13.6 4.7l-52.4-52.4-256.2 256.2a8.03 8.03 0 01-11.3 0l-42.4-42.4a8.03 8.03 0 010-11.3l256.1-256.3z"
                              />
                            </svg>
                          </span>
                        </span>
                      </div>
                      <div
                        data-be="footnoteDefinition"
                        data-drag-el="true"
                        data-slate-node="element"
                        style="font-size: 12px; margin: 5px 0px; display: flex; gap: 4px;"
                      >
                        3.
                        <span
                          style="display: flex; align-items: center; gap: 2px;"
                        >
                          <span
                            data-slate-node="text"
                          >
                            <span
                              data-be="text"
                              data-slate-leaf="true"
                              data-url="url"
                              draggable="false"
                            >
                              <span
                                data-slate-string="true"
                              >
                                https://developer.mozilla.org/zh-CN/
                              </span>
                            </span>
                          </span>
                          <span
                            aria-label="export"
                            class="anticon anticon-export"
                            role="img"
                          >
                            <svg
                              aria-hidden="true"
                              data-icon="export"
                              fill="currentColor"
                              fill-rule="evenodd"
                              focusable="false"
                              height="1em"
                              viewBox="64 64 896 896"
                              width="1em"
                            >
                              <path
                                d="M880 912H144c-17.7 0-32-14.3-32-32V144c0-17.7 14.3-32 32-32h360c4.4 0 8 3.6 8 8v56c0 4.4-3.6 8-8 8H184v656h656V520c0-4.4 3.6-8 8-8h56c4.4 0 8 3.6 8 8v360c0 17.7-14.3 32-32 32zM770.87 199.13l-52.2-52.2a8.01 8.01 0 014.7-13.6l179.4-21c5.1-.6 9.5 3.7 8.9 8.9l-21 179.4c-.8 6.6-8.9 9.4-13.6 4.7l-52.4-52.4-256.2 256.2a8.03 8.03 0 01-11.3 0l-42.4-42.4a8.03 8.03 0 010-11.3l256.1-256.3z"
                              />
                            </svg>
                          </span>
                        </span>
                      </div>
                    </div>
                  </div>
                </div>
                <div
                  style="padding: 16px;"
                >
                  <div
                    class="visual-list-container visual-list-default"
                  >
                    <ul
                      class="visual-list"
                    >
                      <li
                        class="visual-list-item visual-list-item-circle"
                      >
                        <a
                          class="visual-list-link"
                          href="https://github.com/afc163"
                        >
                          <img
                            alt="afc163"
                            class="visual-list-image"
                            src="https://avatars.githubusercontent.com/u/507615?s=40&v=4"
                            title="afc163"
                          />
                        </a>
                      </li>
                      <li
                        class="visual-list-item visual-list-item-circle"
                      >
                        <a
                          class="visual-list-link"
                          href="https://github.com/li-jia-nan"
                        >
                          <img
                            alt="li-jia-nan"
                            class="visual-list-image"
                            src="https://avatars.githubusercontent.com/u/49217418?s=40&v=4"
                            title="li-jia-nan"
                          />
                        </a>
                      </li>
                      <li
                        class="visual-list-item visual-list-item-circle"
                      >
                        <a
                          class="visual-list-link"
                          href="https://github.com/MadCcc"
                        >
                          <img
                            alt="MadCcc"
                            class="visual-list-image"
                            src="https://avatars.githubusercontent.com/u/27722486?s=40&v=4"
                            title="MadCcc"
                          />
                        </a>
                      </li>
                      <li
                        class="visual-list-item visual-list-item-circle"
                      >
                        <a
                          class="visual-list-link"
                          href="https://github.com/zombieJ"
                        >
                          <img
                            alt="zombieJ"
                            class="visual-list-image"
                            src="https://avatars.githubusercontent.com/u/5378891?s=40&v=4"
                            title="zombieJ"
                          />
                        </a>
                      </li>
                      <li
                        class="visual-list-item visual-list-item-circle"
                      >
                        <a
                          class="visual-list-link"
                          href="https://github.com/benjycui"
                        >
                          <img
                            alt="benjycui"
                            class="visual-list-image"
                            src="https://avatars.githubusercontent.com/u/3580607?s=40&v=4"
                            title="benjycui"
                          />
                        </a>
                      </li>
                      <li
                        class="visual-list-item visual-list-item-circle"
                      >
                        <a
                          class="visual-list-link"
                          href="https://github.com/ycjcl868"
                        >
                          <img
                            alt="ycjcl868"
                            class="visual-list-image"
                            src="https://avatars.githubusercontent.com/u/13595509?s=40&v=4"
                            title="ycjcl868"
                          />
                        </a>
                      </li>
                      <li
                        class="visual-list-item visual-list-item-circle"
                      >
                        <a
                          class="visual-list-link"
                          href="https://github.com/coding-ice"
                        >
                          <img
                            alt="coding-ice"
                            class="visual-list-image"
                            src="https://avatars.githubusercontent.com/u/49827327?s=40&v=4"
                            title="coding-ice"
                          />
                        </a>
                      </li>
                      <li
                        class="visual-list-item visual-list-item-circle"
                      >
                        <a
                          class="visual-list-link"
                          href="https://github.com/yesmeck"
                        >
                          <img
                            alt="yesmeck"
                            class="visual-list-image"
                            src="https://avatars.githubusercontent.com/u/465125?s=40&v=4"
                            title="yesmeck"
                          />
                        </a>
                      </li>
                      <li
                        class="visual-list-item visual-list-item-circle"
                      >
                        <a
                          class="visual-list-link"
                          href="https://github.com/xrkffgg"
                        >
                          <img
                            alt="xrkffgg"
                            class="visual-list-image"
                            src="https://avatars.githubusercontent.com/u/29775873?s=40&v=4"
                            title="xrkffgg"
                          />
                        </a>
                      </li>
                      <li
                        class="visual-list-item visual-list-item-circle"
                      >
                        <a
                          class="visual-list-link"
                          href="https://github.com/hengkx"
                        >
                          <img
                            alt="hengkx"
                            class="visual-list-image"
                            src="https://avatars.githubusercontent.com/u/8358236?s=40&v=4"
                            title="hengkx"
                          />
                        </a>
                      </li>
                    </ul>
                    <div
                      style="width: 4px;"
                    />
                    <div
                      class="visual-list-description"
                    >
                      10 个网页
                    </div>
                  </div>
                </div>
                <div
                  class="ant-chat-item-extra"
                  style="display: flex; align-items: center; justify-content: space-between; width: 100%; padding-left: var(--padding-5x); padding-right: var(--padding-5x); padding-bottom: var(--padding-2x); color: var(--color-gray-text-secondary); font-size: 13px; gap: 4px;"
                >
                  <div
                    animate="visible"
                    class="ant-chat-item-extra-action-box"
                    initial="hidden"
                    style="display: flex; gap: 8px; align-items: center;"
                    variants="[object Object]"
                    whileinview="visible"
                  >
                    <span
                      aria-describedby="test-id"
                      aria-label="复制"
                      class="ant-agentic-md-editor-action-icon-box ant-agentic-md-editor-action-icon-box-light"
                      data-testid="chat-item-copy-button"
                      data-title="复制"
                      role="button"
                      tabindex="0"
                    >
                      <svg
                        class="sofa-icons-icon"
                        fill="currentColor"
                        fill-rule="evenodd"
                        height="1em"
                        style="vertical-align: -0.125em;"
                        viewBox="0 0 16 16"
                        width="1em"
                        xmlns="http://www.w3.org/2000/svg"
                      >
                        <defs>
                          <clippath
                            id="Copy-master_svg0_388_03608"
                          >
                            <rect
                              height="16"
                              rx="0"
                              width="16"
                            />
                          </clippath>
                        </defs>
                        <g
                          clip-path="url(#Copy-master_svg0_388_03608)"
                        >
                          <path
                            d="M9.804 2.196q.196.197.196.47a.667.667 0 0 0 1.333 0q0-.825-.587-1.412Q10.16.667 9.333.667H2.667q-.826 0-1.413.587T.667 2.667v6.666q0 .826.587 1.413t1.413.587a.667.667 0 0 0 0-1.333q-.274 0-.47-.196Q2 9.607 2 9.334V2.666q0-.274.196-.47Q2.393 2 2.666 2h6.667q.274 0 .47.196M5.253 14.748q-.586-.586-.586-1.415V6.667q0-.829.586-1.415.585-.585 1.414-.585h6.666q.829 0 1.415.585.585.586.585 1.415v6.666q0 .829-.585 1.415-.586.585-1.415.585H6.667q-.829 0-1.414-.585M6 13.333q0 .276.195.472.196.195.472.195h6.666q.277 0 .472-.195.195-.196.195-.472V6.667q0-.276-.195-.472T13.333 6H6.667q-.276 0-.472.195Q6 6.391 6 6.667z"
                          />
                        </g>
                      </svg>
                    </span>
                    <div
                      class="ant-divider ant-divider-vertical"
                      role="separator"
                      style="margin: 0px 2px;"
                    />
                    <span
                      aria-describedby="test-id"
                      aria-label="喜欢"
                      class="ant-agentic-md-editor-action-icon-box ant-agentic-md-editor-action-icon-box-light"
                      data-testid="like-button"
                      data-title="喜欢"
                      role="button"
                      tabindex="0"
                    >
                      <span
                        aria-label="like"
                        class="anticon anticon-like"
                        role="img"
                      >
                        <svg
                          aria-hidden="true"
                          data-icon="like"
                          fill="currentColor"
                          focusable="false"
                          height="1em"
                          viewBox="64 64 896 896"
                          width="1em"
                        >
                          <path
                            d="M885.9 533.7c16.8-22.2 26.1-49.4 26.1-77.7 0-44.9-25.1-87.4-65.5-111.1a67.67 67.67 0 00-34.3-9.3H572.4l6-122.9c1.4-29.7-9.1-57.9-29.5-79.4A106.62 106.62 0 00471 99.9c-52 0-98 35-111.8 85.1l-85.9 311H144c-17.7 0-32 14.3-32 32v364c0 17.7 14.3 32 32 32h601.3c9.2 0 18.2-1.8 26.5-5.4 47.6-20.3 78.3-66.8 78.3-118.4 0-12.6-1.8-25-5.4-37 16.8-22.2 26.1-49.4 26.1-77.7 0-12.6-1.8-25-5.4-37 16.8-22.2 26.1-49.4 26.1-77.7-.2-12.6-2-25.1-5.6-37.1zM184 852V568h81v284h-81zm636.4-353l-21.9 19 13.9 25.4a56.2 56.2 0 016.9 27.3c0 16.5-7.2 32.2-19.6 43l-21.9 19 13.9 25.4a56.2 56.2 0 016.9 27.3c0 16.5-7.2 32.2-19.6 43l-21.9 19 13.9 25.4a56.2 56.2 0 016.9 27.3c0 22.4-13.2 42.6-33.6 51.8H329V564.8l99.5-360.5a44.1 44.1 0 0142.2-32.3c7.6 0 15.1 2.2 21.1 6.7 9.9 7.4 15.2 18.6 14.6 30.5l-9.6 198.4h314.4C829 418.5 840 436.9 840 456c0 16.5-7.2 32.1-19.6 43z"
                          />
                        </svg>
                      </span>
                    </span>
                    <span
                      aria-describedby="test-id"
                      aria-label="不喜欢"
                      class="ant-agentic-md-editor-action-icon-box ant-agentic-md-editor-action-icon-box-light"
                      data-testid="dislike-button"
                      data-title="不喜欢"
                      role="button"
                      tabindex="0"
                    >
                      <span
                        aria-label="dislike"
                        class="anticon anticon-dislike"
                        role="img"
                      >
                        <svg
                          aria-hidden="true"
                          data-icon="dislike"
                          fill="currentColor"
                          focusable="false"
                          height="1em"
                          viewBox="64 64 896 896"
                          width="1em"
                        >
                          <path
                            d="M885.9 490.3c3.6-12 5.4-24.4 5.4-37 0-28.3-9.3-55.5-26.1-77.7 3.6-12 5.4-24.4 5.4-37 0-28.3-9.3-55.5-26.1-77.7 3.6-12 5.4-24.4 5.4-37 0-51.6-30.7-98.1-78.3-118.4a66.1 66.1 0 00-26.5-5.4H144c-17.7 0-32 14.3-32 32v364c0 17.7 14.3 32 32 32h129.3l85.8 310.8C372.9 889 418.9 924 470.9 924c29.7 0 57.4-11.8 77.9-33.4 20.5-21.5 31-49.7 29.5-79.4l-6-122.9h239.9c12.1 0 23.9-3.2 34.3-9.3 40.4-23.5 65.5-66.1 65.5-111 0-28.3-9.3-55.5-26.1-77.7zM184 456V172h81v284h-81zm627.2 160.4H496.8l9.6 198.4c.6 11.9-4.7 23.1-14.6 30.5-6.1 4.5-13.6 6.8-21.1 6.7a44.28 44.28 0 01-42.2-32.3L329 459.2V172h415.4a56.85 56.85 0 0133.6 51.8c0 9.7-2.3 18.9-6.9 27.3l-13.9 25.4 21.9 19a56.76 56.76 0 0119.6 43c0 9.7-2.3 18.9-6.9 27.3l-13.9 25.4 21.9 19a56.76 56.76 0 0119.6 43c0 9.7-2.3 18.9-6.9 27.3l-14 25.5 21.9 19a56.76 56.76 0 0119.6 43c0 19.1-11 37.5-28.8 48.4z"
                          />
                        </svg>
                      </span>
                    </span>
                  </div>
                </div>
              </div>
            </div>
          </div>
        </div>
      </div>
    </div>
  </div>
</DocumentFragment>