<DocumentFragment>
  <div
    class="ant-app"
  >
    <div>
      test
    </div>
    <div
      style="display: flex; flex-direction: column; gap: 16px;"
    >
      <div
        class="ant-agentic-bubble ant-agentic-bubble-left ant-agentic-bubble-ai ant-flex ant-flex-align-stretch ant-flex-vertical"
        style="gap: 12px;"
      >
        <div
          class="ant-agentic-bubble-container ant-agentic-bubble-container-left ant-agentic-bubble-container-pure"
        >
          <div
            class="ant-agentic-bubble-avatar-title ant-agentic-bubble-avatar-title-left ant-agentic-bubble-avatar-title-ai ant-agentic-bubble-avatar-title-pure"
          >
            <span
              class="ant-avatar ant-avatar-circle ant-avatar-image ant-agentic-bubble-avatar"
              data-testid="bubble-avatar"
              style="width: 24px; height: 24px; font-size: 18px; cursor: default;"
            >
              <img
                alt="avatar"
                src="https://mdn.alipayobjects.com/huamei_re70wt/afts/img/A*ed7ZTbwtgIQAAAAAQOAAAAgAemuEAQ/original"
              />
            </span>
            <div
              class="ant-agentic-bubble-title ant-flex"
              data-testid="bubble-title"
              style="flex-direction: row; display: flex; align-items: center; gap: 8px;"
            >
              <span>
                AI Assistant
              </span>
              <time
                class="ant-agentic-bubble-title-time"
                data-testid="bubble-time"
              >
                2024-02-27 17:20:00
              </time>
            </div>
          </div>
          <div
            class="ant-agentic-bubble-container ant-agentic-bubble-container-left ant-agentic-bubble-container-ai ant-agentic-bubble-container-pure"
            data-testid="chat-message"
            style="display: flex; gap: 4px; flex-direction: column; align-items: flex-start;"
          >
            <div
              class="ant-agentic-bubble-content ant-agentic-bubble-content-left ant-agentic-bubble-content-ai ant-agentic-bubble-content-pure"
              data-testid="message-content"
              style="min-width: 0px;"
            >
              <div
                style="display: flex; flex-direction: column; min-width: 0; max-width: 100%;"
              >
                <div
                  class="ant-agentic-md-editor markdown-editor ant-agentic-md-editor-readonly"
                  style="width: 100%; height: auto; padding: 0px; margin: 0px;"
                >
                  <div
                    class="ant-agentic-md-editor-container"
                    style="height: 100%;"
                    tabindex="-1"
                  >
                    <div
                      autocapitalize="false"
                      autocorrect="false"
                      class="ant-agentic-md-editor-content ant-agentic-md-editor-content-readonly"
                      contenteditable="false"
                      data-slate-editor="true"
                      data-slate-node="value"
                      spellcheck="false"
                      style="position: relative; white-space: pre-wrap; word-wrap: break-word; font-size: 14px;"
                      translate="no"
                      zindex="-1"
                    >
                      <h1
                        class=""
                        data-be="head"
                        data-drag-el="true"
                        data-head="脚注（footnote）示例"
                        data-slate-node="element"
                        data-title="true"
                        id="脚注（footnote）示例"
                      >
                        <span
                          data-slate-node="text"
                        >
                          <span
                            data-be="text"
                            data-slate-leaf="true"
                            draggable="false"
                          >
                            <span
                              data-slate-string="true"
                            >
                              脚注（Footnote）示例
                            </span>
                          </span>
                        </span>
                      </h1>
                      <div
                        class=""
                        data-be="paragraph"
                        data-drag-el="true"
                        data-slate-node="element"
                      >
                        <span
                          data-slate-node="text"
                        >
                          <span
                            data-be="text"
                            data-slate-leaf="true"
                            draggable="false"
                          >
                            <span
                              data-slate-string="true"
                            >
                              下面展示如何在对话中引用脚注：当你需要补充来源、解释术语或延迟给出细节时，可在正文中添加引用标记，如这里的“脚注定义”
                            </span>
                          </span>
                        </span>
                        <span
                          data-slate-node="text"
                        >
                          <span
                            data-be="text"
                            data-fnc="fnc"
                            data-slate-leaf="true"
                            draggable="false"
                          >
                            1
                          </span>
                        </span>
                        <span
                          data-slate-node="text"
                        >
                          <span
                            data-be="text"
                            data-slate-leaf="true"
                            draggable="false"
                          >
                            <span
                              data-slate-string="true"
                            >
                              、框架官网
                            </span>
                          </span>
                        </span>
                        <span
                          data-slate-node="text"
                        >
                          <span
                            data-be="text"
                            data-fnc="fnc"
                            data-slate-leaf="true"
                            draggable="false"
                          >
                            2
                          </span>
                        </span>
                        <span
                          data-slate-node="text"
                        >
                          <span
                            data-be="text"
                            data-slate-leaf="true"
                            draggable="false"
                          >
                            <span
                              data-slate-string="true"
                            >
                               与 MDN 文档
                            </span>
                          </span>
                        </span>
                        <span
                          data-slate-node="text"
                        >
                          <span
                            data-be="text"
                            data-fnc="fnc"
                            data-slate-leaf="true"
                            draggable="false"
                          >
                            3
                          </span>
                        </span>
                        <span
                          data-slate-node="text"
                        >
                          <span
                            data-be="text"
                            data-slate-leaf="true"
                            draggable="false"
                          >
                            <span
                              data-slate-string="true"
                            >
                              。脚注能保持叙述流畅，同时不打断阅读节奏。常见用法包括：给统计数据附上来源，给缩写提供扩展释义，或在回答末尾统一列出外部链接与说明。
                            </span>
                          </span>
                        </span>
                      </div>
                      <div
                        class=""
                        data-be="paragraph"
                        data-drag-el="true"
                        data-slate-node="element"
                      >
                        <span
                          data-slate-node="text"
                        >
                          <span
                            data-be="text"
                            data-slate-leaf="true"
                            draggable="false"
                          >
                            <span
                              data-slate-string="true"
                            >
                              要点：
                            </span>
                          </span>
                        </span>
                      </div>
                      <div
                        class="ant-agentic-md-editor-list-container relative"
                        data-be="list"
                        data-slate-node="element"
                      >
                        <ul
                          class="ant-agentic-md-editor-list ul"
                        >
                          <li
                            class="ant-agentic-md-editor-list-item"
                            data-be="list-item"
                            data-slate-node="element"
                          >
                            <div
                              class=""
                              data-be="paragraph"
                              data-drag-el="true"
                              data-slate-node="element"
                            >
                              <span
                                data-slate-node="text"
                              >
                                <span
                                  data-be="text"
                                  data-slate-leaf="true"
                                  draggable="false"
                                >
                                  <span
                                    data-slate-string="true"
                                  >
                                    在正文中使用 
                                  </span>
                                </span>
                              </span>
                              <span
                                data-slate-node="text"
                              >
                                <span
                                  data-be="text"
                                  data-slate-leaf="true"
                                  draggable="false"
                                >
                                  <code
                                    class="ant-agentic-md-editor-content-inline-code"
                                  >
                                    <span
                                      data-slate-string="true"
                                    >
                                      [^标识]
                                    </span>
                                  </code>
                                </span>
                              </span>
                              <span
                                data-slate-node="text"
                              >
                                <span
                                  data-be="text"
                                  data-slate-leaf="true"
                                  draggable="false"
                                >
                                  <span
                                    data-slate-string="true"
                                  >
                                     引用；
                                  </span>
                                </span>
                              </span>
                            </div>
                          </li>
                          <li
                            class="ant-agentic-md-editor-list-item"
                            data-be="list-item"
                            data-slate-node="element"
                          >
                            <div
                              class=""
                              data-be="paragraph"
                              data-drag-el="true"
                              data-slate-node="element"
                            >
                              <span
                                data-slate-node="text"
                              >
                                <span
                                  data-be="text"
                                  data-slate-leaf="true"
                                  draggable="false"
                                >
                                  <span
                                    data-slate-string="true"
                                  >
                                    在文末用 
                                  </span>
                                </span>
                              </span>
                              <span
                                data-slate-node="text"
                              >
                                <span
                                  data-be="text"
                                  data-slate-leaf="true"
                                  draggable="false"
                                >
                                  <code
                                    class="ant-agentic-md-editor-content-inline-code"
                                  >
                                    <span
                                      data-slate-string="true"
                                    >
                                      [^标识]: 进行说明
                                    </span>
                                  </code>
                                </span>
                              </span>
                              <span
                                data-slate-node="text"
                              >
                                <span
                                  data-be="text"
                                  data-slate-leaf="true"
                                  draggable="false"
                                >
                                  <span
                                    data-slate-string="true"
                                  >
                                    ，可以是文本或链接；
                                  </span>
                                </span>
                              </span>
                            </div>
                          </li>
                          <li
                            class="ant-agentic-md-editor-list-item"
                            data-be="list-item"
                            data-slate-node="element"
                          >
                            <div
                              class=""
                              data-be="paragraph"
                              data-drag-el="true"
                              data-slate-node="element"
                            >
                              <span
                                data-slate-node="text"
                              >
                                <span
                                  data-be="text"
                                  data-slate-leaf="true"
                                  draggable="false"
                                >
                                  <span
                                    data-slate-string="true"
                                  >
                                    多个脚注可重复引用，顺序自动编号。
                                  </span>
                                </span>
                              </span>
                            </div>
                          </li>
                          <li
                            class="ant-agentic-md-editor-list-item"
                            data-be="list-item"
                            data-slate-node="element"
                          >
                            <div
                              class=""
                              data-be="paragraph"
                              data-drag-el="true"
                              data-slate-node="element"
                            >
                              <span
                                data-slate-node="text"
                              >
                                <span
                                  data-be="text"
                                  data-slate-leaf="true"
                                  draggable="false"
                                >
                                  <span
                                    data-slate-string="true"
                                  >
                                    可新增/删除/编辑/引用脚注。
                                  </span>
                                </span>
                              </span>
                            </div>
                          </li>
                        </ul>
                      </div>
                      <div
                        class=""
                        data-be="paragraph"
                        data-drag-el="true"
                        data-slate-node="element"
                      >
                        <span
                          data-slate-node="text"
                        >
                          <span
                            data-be="text"
                            data-slate-leaf="true"
                            draggable="false"
                          >
                            <span
                              data-slate-string="true"
                            >
                              *
                            </span>
                          </span>
                        </span>
                        <span
                          data-slate-node="text"
                        >
                          <span
                            data-be="text"
                            data-slate-leaf="true"
                            draggable="false"
                            style="font-weight: bold;"
                          >
                            <span
                              data-testid="markdown-bold"
                            >
                              <span
                                data-slate-string="true"
                              >
                                 Reference Notes 
                              </span>
                            </span>
                          </span>
                        </span>
                        <span
                          data-slate-node="text"
                        >
                          <span
                            data-be="text"
                            data-slate-leaf="true"
                            draggable="false"
                          >
                            <span
                              data-slate-string="true"
                            >
                              *
                            </span>
                          </span>
                        </span>
                      </div>
                      <div
                        data-be="footnoteDefinition"
                        data-drag-el="true"
                        data-slate-node="element"
                        style="font-size: 12px; margin: 5px 0px; display: flex; gap: 4px;"
                      >
                        1.
                        <span
                          style="display: flex; align-items: center; gap: 2px;"
                        >
                          <span
                            data-slate-node="text"
                          >
                            <span
                              data-be="text"
                              data-slate-leaf="true"
                              draggable="false"
                            >
                              <span
                                data-slate-string="true"
                              >
                                脚注用于承载补充信息与出处说明，避免正文冗长。
                              </span>
                            </span>
                          </span>
                          <span
                            aria-label="export"
                            class="anticon anticon-export"
                            role="img"
                          >
                            <svg
                              aria-hidden="true"
                              data-icon="export"
                              fill="currentColor"
                              fill-rule="evenodd"
                              focusable="false"
                              height="1em"
                              viewBox="64 64 896 896"
                              width="1em"
                            >
                              <path
                                d="M880 912H144c-17.7 0-32-14.3-32-32V144c0-17.7 14.3-32 32-32h360c4.4 0 8 3.6 8 8v56c0 4.4-3.6 8-8 8H184v656h656V520c0-4.4 3.6-8 8-8h56c4.4 0 8 3.6 8 8v360c0 17.7-14.3 32-32 32zM770.87 199.13l-52.2-52.2a8.01 8.01 0 014.7-13.6l179.4-21c5.1-.6 9.5 3.7 8.9 8.9l-21 179.4c-.8 6.6-8.9 9.4-13.6 4.7l-52.4-52.4-256.2 256.2a8.03 8.03 0 01-11.3 0l-42.4-42.4a8.03 8.03 0 010-11.3l256.1-256.3z"
                              />
                            </svg>
                          </span>
                        </span>
                      </div>
                      <div
                        data-be="footnoteDefinition"
                        data-drag-el="true"
                        data-slate-node="element"
                        style="font-size: 12px; margin: 5px 0px; display: flex; gap: 4px;"
                      >
                        2.
                        <span
                          style="display: flex; align-items: center; gap: 2px;"
                        >
                          <span
                            data-slate-node="text"
                          >
                            <span
                              data-be="text"
                              data-slate-leaf="true"
                              data-url="url"
                              draggable="false"
                            >
                              <span
                                data-slate-string="true"
                              >
                                Ant Design 官网
                              </span>
                            </span>
                          </span>
                          <span
                            aria-label="export"
                            class="anticon anticon-export"
                            role="img"
                          >
                            <svg
                              aria-hidden="true"
                              data-icon="export"
                              fill="currentColor"
                              fill-rule="evenodd"
                              focusable="false"
                              height="1em"
                              viewBox="64 64 896 896"
                              width="1em"
                            >
                              <path
                                d="M880 912H144c-17.7 0-32-14.3-32-32V144c0-17.7 14.3-32 32-32h360c4.4 0 8 3.6 8 8v56c0 4.4-3.6 8-8 8H184v656h656V520c0-4.4 3.6-8 8-8h56c4.4 0 8 3.6 8 8v360c0 17.7-14.3 32-32 32zM770.87 199.13l-52.2-52.2a8.01 8.01 0 014.7-13.6l179.4-21c5.1-.6 9.5 3.7 8.9 8.9l-21 179.4c-.8 6.6-8.9 9.4-13.6 4.7l-52.4-52.4-256.2 256.2a8.03 8.03 0 01-11.3 0l-42.4-42.4a8.03 8.03 0 010-11.3l256.1-256.3z"
                              />
                            </svg>
                          </span>
                        </span>
                      </div>
                      <div
                        data-be="footnoteDefinition"
                        data-drag-el="true"
                        data-slate-node="element"
                        style="font-size: 12px; margin: 5px 0px; display: flex; gap: 4px;"
                      >
                        3.
                        <span
                          style="display: flex; align-items: center; gap: 2px;"
                        >
                          <span
                            data-slate-node="text"
                          >
                            <span
                              data-be="text"
                              data-slate-leaf="true"
                              data-url="url"
                              draggable="false"
                            >
                              <span
                                data-slate-string="true"
                              >
                                https://developer.mozilla.org/zh-CN/
                              </span>
                            </span>
                          </span>
                          <span
                            aria-label="export"
                            class="anticon anticon-export"
                            role="img"
                          >
                            <svg
                              aria-hidden="true"
                              data-icon="export"
                              fill="currentColor"
                              fill-rule="evenodd"
                              focusable="false"
                              height="1em"
                              viewBox="64 64 896 896"
                              width="1em"
                            >
                              <path
                                d="M880 912H144c-17.7 0-32-14.3-32-32V144c0-17.7 14.3-32 32-32h360c4.4 0 8 3.6 8 8v56c0 4.4-3.6 8-8 8H184v656h656V520c0-4.4 3.6-8 8-8h56c4.4 0 8 3.6 8 8v360c0 17.7-14.3 32-32 32zM770.87 199.13l-52.2-52.2a8.01 8.01 0 014.7-13.6l179.4-21c5.1-.6 9.5 3.7 8.9 8.9l-21 179.4c-.8 6.6-8.9 9.4-13.6 4.7l-52.4-52.4-256.2 256.2a8.03 8.03 0 01-11.3 0l-42.4-42.4a8.03 8.03 0 010-11.3l256.1-256.3z"
                              />
                            </svg>
                          </span>
                        </span>
                      </div>
                    </div>
                  </div>
                </div>
                <div
                  style="padding: 16px;"
                >
                  <div
                    class="visual-list-container visual-list-default"
                  >
                    <ul
                      class="visual-list"
                    >
                      <li
                        class="visual-list-item visual-list-item-circle"
                      >
                        <a
                          class="visual-list-link"
                          href="https://github.com/afc163"
                        >
                          <img
                            alt="afc163"
                            class="visual-list-image"
                            src="https://avatars.githubusercontent.com/u/507615?s=40&v=4"
                            title="afc163"
                          />
                        </a>
                      </li>
                      <li
                        class="visual-list-item visual-list-item-circle"
                      >
                        <a
                          class="visual-list-link"
                          href="https://github.com/li-jia-nan"
                        >
                          <img
                            alt="li-jia-nan"
                            class="visual-list-image"
                            src="https://avatars.githubusercontent.com/u/49217418?s=40&v=4"
                            title="li-jia-nan"
                          />
                        </a>
                      </li>
                      <li
                        class="visual-list-item visual-list-item-circle"
                      >
                        <a
                          class="visual-list-link"
                          href="https://github.com/MadCcc"
                        >
                          <img
                            alt="MadCcc"
                            class="visual-list-image"
                            src="https://avatars.githubusercontent.com/u/27722486?s=40&v=4"
                            title="MadCcc"
                          />
                        </a>
                      </li>
                      <li
                        class="visual-list-item visual-list-item-circle"
                      >
                        <a
                          class="visual-list-link"
                          href="https://github.com/zombieJ"
                        >
                          <img
                            alt="zombieJ"
                            class="visual-list-image"
                            src="https://avatars.githubusercontent.com/u/5378891?s=40&v=4"
                            title="zombieJ"
                          />
                        </a>
                      </li>
                      <li
                        class="visual-list-item visual-list-item-circle"
                      >
                        <a
                          class="visual-list-link"
                          href="https://github.com/benjycui"
                        >
                          <img
                            alt="benjycui"
                            class="visual-list-image"
                            src="https://avatars.githubusercontent.com/u/3580607?s=40&v=4"
                            title="benjycui"
                          />
                        </a>
                      </li>
                      <li
                        class="visual-list-item visual-list-item-circle"
                      >
                        <a
                          class="visual-list-link"
                          href="https://github.com/ycjcl868"
                        >
                          <img
                            alt="ycjcl868"
                            class="visual-list-image"
                            src="https://avatars.githubusercontent.com/u/13595509?s=40&v=4"
                            title="ycjcl868"
                          />
                        </a>
                      </li>
                      <li
                        class="visual-list-item visual-list-item-circle"
                      >
                        <a
                          class="visual-list-link"
                          href="https://github.com/coding-ice"
                        >
                          <img
                            alt="coding-ice"
                            class="visual-list-image"
                            src="https://avatars.githubusercontent.com/u/49827327?s=40&v=4"
                            title="coding-ice"
                          />
                        </a>
                      </li>
                      <li
                        class="visual-list-item visual-list-item-circle"
                      >
                        <a
                          class="visual-list-link"
                          href="https://github.com/yesmeck"
                        >
                          <img
                            alt="yesmeck"
                            class="visual-list-image"
                            src="https://avatars.githubusercontent.com/u/465125?s=40&v=4"
                            title="yesmeck"
                          />
                        </a>
                      </li>
                      <li
                        class="visual-list-item visual-list-item-circle"
                      >
                        <a
                          class="visual-list-link"
                          href="https://github.com/xrkffgg"
                        >
                          <img
                            alt="xrkffgg"
                            class="visual-list-image"
                            src="https://avatars.githubusercontent.com/u/29775873?s=40&v=4"
                            title="xrkffgg"
                          />
                        </a>
                      </li>
                      <li
                        class="visual-list-item visual-list-item-circle"
                      >
                        <a
                          class="visual-list-link"
                          href="https://github.com/hengkx"
                        >
                          <img
                            alt="hengkx"
                            class="visual-list-image"
                            src="https://avatars.githubusercontent.com/u/8358236?s=40&v=4"
                            title="hengkx"
                          />
                        </a>
                      </li>
                    </ul>
                    <div
                      style="width: 4px;"
                    />
                    <div
                      class="visual-list-description"
                    >
                      10 个网页
                    </div>
                  </div>
                </div>
                <div
                  class="ant-chat-item-extra"
                  style="display: flex; align-items: center; justify-content: space-between; width: 100%; padding-left: var(--padding-5x); padding-right: var(--padding-5x); padding-top: var(--padding-1x); padding-bottom: var(--padding-2x); color: var(--color-gray-text-secondary); font-size: 13px; gap: 4px;"
                >
                  <div
                    animate="visible"
                    class="ant-chat-item-extra-action-box"
                    initial="hidden"
                    style="display: flex; gap: 8px; align-items: center;"
                    variants="[object Object]"
                    whileinview="visible"
                  >
                    <span
                      aria-describedby="test-id"
                      aria-label="复制"
                      class="ant-agentic-md-editor-action-icon-box ant-agentic-md-editor-action-icon-box-light"
                      data-testid="chat-item-copy-button"
                      data-title="复制"
                      role="button"
                      tabindex="0"
                    >
                      <div
                        aria-hidden="true"
                        class="ant-bubble-actions-lottie"
                        data-autoplay="false"
                        data-loop="false"
                        data-testid="lottie-animation"
                        lottieref="[object Object]"
                        style="width: 1em; height: 1em; display: flex; justify-content: center; align-items: center;"
                      />
                    </span>
                    <div
                      class="ant-divider ant-divider-vertical"
                      role="separator"
                      style="margin: 0px 2px;"
                    />
                    <span
                      aria-describedby="test-id"
                      aria-label="喜欢"
                      class="ant-agentic-md-editor-action-icon-box ant-agentic-md-editor-action-icon-box-light"
                      data-testid="like-button"
                      data-title="喜欢"
                      role="button"
                      tabindex="0"
                    >
                      <div
                        aria-hidden="true"
                        class="ant-bubble-actions-lottie"
                        data-autoplay="false"
                        data-loop="false"
                        data-testid="lottie-animation"
                        lottieref="[object Object]"
                        style="width: 1em; height: 1em; display: flex; justify-content: center; align-items: center;"
                      />
                    </span>
                    <span
                      aria-describedby="test-id"
                      aria-label="不喜欢"
                      class="ant-agentic-md-editor-action-icon-box ant-agentic-md-editor-action-icon-box-light"
                      data-testid="dislike-button"
                      data-title="不喜欢"
                      role="button"
                      tabindex="0"
                    >
                      <div
                        aria-hidden="true"
                        class="ant-bubble-actions-lottie"
                        data-autoplay="false"
                        data-loop="false"
                        data-testid="lottie-animation"
                        lottieref="[object Object]"
                        style="width: 1em; height: 1em; display: flex; justify-content: center; align-items: center;"
                      />
                    </span>
                  </div>
                </div>
              </div>
            </div>
          </div>
        </div>
      </div>
    </div>
  </div>
</DocumentFragment>