<DocumentFragment>
  <div
    class="ant-app"
  >
    <div>
      test
    </div>
    <div
      style="max-width: 800px; margin: 0px auto; padding: 24px;"
    >
      <div
        style="margin-bottom: 24px;"
      >
        <h3>
          🎯 消息加载状态控制
        </h3>
        <div
          class="ant-space ant-space-vertical ant-space-gap-row-small ant-space-gap-col-small"
          style="width: 100%;"
        >
          <div
            class="ant-space-item"
          >
            <div>
              <div
                class="ant-space ant-space-horizontal ant-space-align-center ant-space-gap-row-small ant-space-gap-col-small"
              >
                <div
                  class="ant-space-item"
                >
                  <span>
                    消息加载状态：
                  </span>
                </div>
                <div
                  class="ant-space-item"
                >
                  <button
                    aria-checked="false"
                    class="ant-switch"
                    role="switch"
                    type="button"
                  >
                    <div
                      class="ant-switch-handle"
                    />
                    <span
                      class="ant-switch-inner"
                    >
                      <span
                        class="ant-switch-inner-checked"
                      >
                        加载中
                      </span>
                      <span
                        class="ant-switch-inner-unchecked"
                      >
                        已完成
                      </span>
                    </span>
                  </button>
                </div>
                <div
                  class="ant-space-item"
                >
                  <button
                    class="ant-btn ant-btn-primary ant-btn-color-primary ant-btn-variant-solid"
                    type="button"
                  >
                    <span>
                      模拟生成过程
                    </span>
                  </button>
                </div>
              </div>
            </div>
          </div>
        </div>
        <div
          style="margin-top: 8px; color: rgb(102, 102, 102); font-size: 14px;"
        >
          💡 切换开关或点击按钮来体验消息加载状态
        </div>
      </div>
      <div
        style="display: flex; flex-direction: column; gap: 16px;"
      >
        <div
          class="ant-agentic-bubble ant-agentic-bubble-left ant-agentic-bubble-ai ant-flex ant-flex-align-stretch ant-flex-vertical"
          style="gap: 12px;"
        >
          <div
            class="ant-agentic-bubble-container ant-agentic-bubble-container-left ant-agentic-bubble-container-pure"
          >
            <div
              class="ant-agentic-bubble-avatar-title ant-agentic-bubble-avatar-title-left ant-agentic-bubble-avatar-title-ai ant-agentic-bubble-avatar-title-pure"
            >
              <span
                class="ant-avatar ant-avatar-circle ant-avatar-image ant-agentic-bubble-avatar"
                data-testid="bubble-avatar"
                style="width: 24px; height: 24px; font-size: 18px; cursor: default;"
              >
                <img
                  alt="avatar"
                  src="https://mdn.alipayobjects.com/huamei_re70wt/afts/img/A*ed7ZTbwtgIQAAAAAQOAAAAgAemuEAQ/original"
                />
              </span>
              <div
                class="ant-agentic-bubble-title ant-flex"
                data-testid="bubble-title"
                style="flex-direction: row; display: flex; align-items: center; gap: 8px;"
              >
                <span>
                  Ant Design Assistant
                </span>
                <time
                  class="ant-agentic-bubble-title-time"
                  data-testid="bubble-time"
                >
                  2024-02-27 17:20:00
                </time>
              </div>
            </div>
            <div
              class="ant-agentic-bubble-container ant-agentic-bubble-container-left ant-agentic-bubble-container-ai ant-agentic-bubble-container-pure"
              data-testid="chat-message"
              style="display: flex; gap: 4px; flex-direction: column; align-items: flex-start;"
            >
              <div
                class="ant-agentic-bubble-content ant-agentic-bubble-content-left ant-agentic-bubble-content-ai ant-agentic-bubble-content-pure"
                data-testid="message-content"
                style="min-width: 0px;"
              >
                <div
                  style="display: flex; flex-direction: column; min-width: 0; max-width: 100%;"
                >
                  <div
                    class="ant-agentic-md-editor markdown-editor ant-agentic-md-editor-readonly"
                    style="width: 100%; height: auto; padding: 0px; margin: 0px;"
                  >
                    <div
                      class="ant-agentic-md-editor-container"
                      style="height: 100%;"
                      tabindex="-1"
                    >
                      <div
                        autocapitalize="false"
                        autocorrect="false"
                        class="ant-agentic-md-editor-content ant-agentic-md-editor-content-readonly"
                        contenteditable="false"
                        data-slate-editor="true"
                        data-slate-node="value"
                        spellcheck="false"
                        style="position: relative; white-space: pre-wrap; word-wrap: break-word; font-size: 14px;"
                        translate="no"
                        zindex="-1"
                      >
                        <h1
                          class=""
                          data-be="head"
                          data-head="消息加载状态演示"
                          data-slate-node="element"
                          data-title="true"
                          id="消息加载状态演示"
                        >
                          <span
                            data-slate-node="text"
                          >
                            <span
                              data-be="text"
                              data-slate-leaf="true"
                              draggable="false"
                            >
                              <span
                                data-slate-string="true"
                              >
                                消息加载状态演示
                              </span>
                            </span>
                          </span>
                        </h1>
                        <div
                          class=""
                          data-be="paragraph"
                          data-slate-node="element"
                        >
                          <span
                            data-slate-node="text"
                          >
                            <span
                              data-be="text"
                              data-slate-leaf="true"
                              draggable="false"
                            >
                              <span
                                data-slate-string="true"
                              >
                                这是一个展示 Bubble 组件消息加载状态的示例。
                              </span>
                            </span>
                          </span>
                        </div>
                        <div
                          class=""
                          data-be="paragraph"
                          data-slate-node="element"
                        >
                          <span
                            data-slate-node="text"
                          >
                            <span
                              data-be="text"
                              data-slate-leaf="true"
                              draggable="false"
                            >
                              <span
                                data-slate-string="true"
                              >
                                当消息正在生成时，组件会显示：
                              </span>
                            </span>
                          </span>
                        </div>
                        <div
                          class="ant-agentic-md-editor-list-container relative"
                          data-be="list"
                          data-slate-node="element"
                        >
                          <ul
                            class="ant-agentic-md-editor-list ul"
                          >
                            <li
                              class="ant-agentic-md-editor-list-item"
                              data-be="list-item"
                              data-slate-node="element"
                            >
                              <div
                                class=""
                                data-be="paragraph"
                                data-slate-node="element"
                              >
                                <span
                                  data-slate-node="text"
                                >
                                  <span
                                    data-be="text"
                                    data-slate-leaf="true"
                                    draggable="false"
                                  >
                                    <span
                                      data-slate-string="true"
                                    >
                                      加载动画
                                    </span>
                                  </span>
                                </span>
                              </div>
                            </li>
                            <li
                              class="ant-agentic-md-editor-list-item"
                              data-be="list-item"
                              data-slate-node="element"
                            >
                              <div
                                class=""
                                data-be="paragraph"
                                data-slate-node="element"
                              >
                                <span
                                  data-slate-node="text"
                                >
                                  <span
                                    data-be="text"
                                    data-slate-leaf="true"
                                    draggable="false"
                                  >
                                    <span
                                      data-slate-string="true"
                                    >
                                      占位内容
                                    </span>
                                  </span>
                                </span>
                              </div>
                            </li>
                            <li
                              class="ant-agentic-md-editor-list-item"
                              data-be="list-item"
                              data-slate-node="element"
                            >
                              <div
                                class=""
                                data-be="paragraph"
                                data-slate-node="element"
                              >
                                <span
                                  data-slate-node="text"
                                >
                                  <span
                                    data-be="text"
                                    data-slate-leaf="true"
                                    draggable="false"
                                  >
                                    <span
                                      data-slate-string="true"
                                    >
                                      禁用交互操作
                                    </span>
                                  </span>
                                </span>
                              </div>
                            </li>
                          </ul>
                        </div>
                        <div
                          class=""
                          data-be="paragraph"
                          data-slate-node="element"
                        >
                          <span
                            data-slate-node="text"
                          >
                            <span
                              data-be="text"
                              data-slate-leaf="true"
                              draggable="false"
                            >
                              <span
                                data-slate-string="true"
                              >
                                你可以通过下方的开关来控制加载状态。
                              </span>
                            </span>
                          </span>
                        </div>
                      </div>
                    </div>
                  </div>
                  <div
                    class="ant-chat-item-extra"
                    style="display: flex; align-items: center; justify-content: space-between; width: 100%; padding-left: var(--padding-5x); padding-right: var(--padding-5x); padding-top: var(--padding-1x); padding-bottom: var(--padding-2x); color: var(--color-gray-text-secondary); font-size: 13px; gap: 4px;"
                  >
                    <div
                      animate="visible"
                      class="ant-chat-item-extra-action-box"
                      initial="hidden"
                      style="display: flex; gap: 8px; align-items: center;"
                      variants="[object Object]"
                      whileinview="visible"
                    >
                      <span
                        aria-describedby="test-id"
                        aria-label="复制"
                        class="ant-agentic-md-editor-action-icon-box ant-agentic-md-editor-action-icon-box-light"
                        data-testid="chat-item-copy-button"
                        data-title="复制"
                        role="button"
                        tabindex="0"
                      >
                        <div
                          aria-hidden="true"
                          class="ant-bubble-actions-lottie"
                          data-autoplay="false"
                          data-loop="false"
                          data-testid="lottie-animation"
                          lottieref="[object Object]"
                          style="width: 1em; height: 1em; display: flex; justify-content: center; align-items: center;"
                        />
                      </span>
                      <div
                        class="ant-divider ant-divider-vertical"
                        role="separator"
                        style="margin: 0px 2px;"
                      />
                      <span
                        aria-describedby="test-id"
                        aria-label="喜欢"
                        class="ant-agentic-md-editor-action-icon-box ant-agentic-md-editor-action-icon-box-light"
                        data-testid="like-button"
                        data-title="喜欢"
                        role="button"
                        tabindex="0"
                      >
                        <div
                          aria-hidden="true"
                          class="ant-bubble-actions-lottie"
                          data-autoplay="false"
                          data-loop="false"
                          data-testid="lottie-animation"
                          lottieref="[object Object]"
                          style="width: 1em; height: 1em; display: flex; justify-content: center; align-items: center;"
                        />
                      </span>
                      <span
                        aria-describedby="test-id"
                        aria-label="不喜欢"
                        class="ant-agentic-md-editor-action-icon-box ant-agentic-md-editor-action-icon-box-light"
                        data-testid="dislike-button"
                        data-title="不喜欢"
                        role="button"
                        tabindex="0"
                      >
                        <div
                          aria-hidden="true"
                          class="ant-bubble-actions-lottie"
                          data-autoplay="false"
                          data-loop="false"
                          data-testid="lottie-animation"
                          lottieref="[object Object]"
                          style="width: 1em; height: 1em; display: flex; justify-content: center; align-items: center;"
                        />
                      </span>
                    </div>
                  </div>
                </div>
              </div>
            </div>
          </div>
        </div>
        <div
          class="ant-agentic-bubble ant-agentic-bubble-right ant-agentic-bubble-user ant-flex ant-flex-align-stretch ant-flex-vertical"
          style="gap: 12px;"
        >
          <div
            class="ant-agentic-bubble-container"
          >
            <div
              class="ant-agentic-bubble-container ant-agentic-bubble-container-right ant-agentic-bubble-container-user"
              data-testid="chat-message"
              style="display: flex; gap: 4px; flex-direction: column; align-items: flex-end;"
            >
              <div
                class="ant-agentic-bubble-avatar-title ant-agentic-bubble-avatar-title-right ant-agentic-bubble-avatar-title-ai"
              >
                <div
                  class="ant-agentic-bubble-title ant-flex"
                  data-testid="bubble-title"
                  style="flex-direction: row-reverse; display: flex; align-items: center; gap: 8px;"
                >
                  <time
                    class="ant-agentic-bubble-title-time"
                    data-testid="bubble-time"
                  >
                    2024-02-27 17:20:00
                  </time>
                </div>
              </div>
              <div
                class="ant-agentic-bubble-content ant-agentic-bubble-content-right ant-agentic-bubble-content-user"
                data-testid="message-content"
                style="min-width: 0px;"
              >
                <div
                  class="agent-item-default-content ant-agentic-ui-messages-content-message"
                  data-testid="message-box-content"
                >
                  <div
                    aria-describedby="test-id"
                    style="display: flex; flex-direction: column; min-width: 0; max-width: 100%;"
                  >
                    <div
                      class="ant-agentic-md-editor markdown-editor ant-agentic-md-editor-readonly"
                      style="width: 100%; height: auto; padding: 0px; margin: 0px;"
                    >
                      <div
                        class="ant-agentic-md-editor-container"
                        style="height: 100%; color: rgb(52, 58, 69);"
                        tabindex="-1"
                      >
                        <div
                          autocapitalize="false"
                          autocorrect="false"
                          class="ant-agentic-md-editor-content ant-agentic-md-editor-content-readonly"
                          contenteditable="false"
                          data-slate-editor="true"
                          data-slate-node="value"
                          spellcheck="false"
                          style="position: relative; white-space: pre-wrap; word-wrap: break-word; font-size: 14px;"
                          translate="no"
                          zindex="-1"
                        >
                          <div
                            class=""
                            data-be="paragraph"
                            data-slate-node="element"
                          >
                            <span
                              data-slate-node="text"
                            >
                              <span
                                data-be="text"
                                data-slate-leaf="true"
                                draggable="false"
                              >
                                <span
                                  data-slate-string="true"
                                >
                                  请展示一下消息加载状态的效果
                                </span>
                              </span>
                            </span>
                          </div>
                        </div>
                      </div>
                    </div>
                  </div>
                </div>
              </div>
            </div>
          </div>
        </div>
      </div>
      <div
        style="margin-top: 32px; padding: 16px; background-color: rgb(248, 249, 250); border-radius: 8px; font-size: 14px; line-height: 1.6;"
      >
        <h4
          style="margin: 0px 0px 12px 0px;"
        >
          🔄 消息加载状态功能说明
        </h4>
        <ul
          style="margin: 0px; padding-left: 20px;"
        >
          <li>
            <strong>
              loading 属性：
            </strong>
            控制是否显示加载状态
          </li>
          <li>
            <strong>
              加载动画：
            </strong>
            显示动态的加载指示器
          </li>
          <li>
            <strong>
              占位内容：
            </strong>
            在加载期间显示占位文本
          </li>
          <li>
            <strong>
              交互禁用：
            </strong>
            加载期间禁用点赞、点踩等操作
          </li>
          <li>
            <strong>
              状态同步：
            </strong>
            isFinished 属性与 loading 状态同步
          </li>
          <li>
            <strong>
              typing 属性：
            </strong>
            控制是否显示打字效果
          </li>
        </ul>
      </div>
      <div
        style="margin-top: 24px; padding: 16px; background-color: rgb(230, 247, 255); border-radius: 8px; font-size: 14px; line-height: 1.6;"
      >
        <h4
          style="margin: 0px 0px 12px 0px;"
        >
          📖 API 说明
        </h4>
        <div
          style="font-family: monospace; font-size: 13px;"
        >
          <div>
            <strong>
              loading:
            </strong>
             boolean - 控制是否显示加载状态
          </div>
          <div>
            <strong>
              typing:
            </strong>
             boolean - 控制是否显示打字效果
          </div>
          <div>
            <strong>
              isFinished:
            </strong>
             boolean - 消息是否完成生成
          </div>
        </div>
      </div>
    </div>
  </div>
</DocumentFragment>